[2025-02-25T10:51:17.465-0300][gc,init] CardTable entry size: 512
[2025-02-25T10:51:17.465-0300][gc     ] Using G1
[2025-02-25T10:51:17.470-0300][gc,init] Version: 22.0.2+9-70 (release)
[2025-02-25T10:51:17.470-0300][gc,init] CPUs: 12 total, 12 available
[2025-02-25T10:51:17.470-0300][gc,init] Memory: 32591M
[2025-02-25T10:51:17.470-0300][gc,init] Large Page Support: Disabled
[2025-02-25T10:51:17.470-0300][gc,init] NUMA Support: Disabled
[2025-02-25T10:51:17.470-0300][gc,init] Compressed Oops: Enabled (32-bit)
[2025-02-25T10:51:17.470-0300][gc,init] Heap Region Size: 1M
[2025-02-25T10:51:17.470-0300][gc,init] Heap Min Capacity: 512M
[2025-02-25T10:51:17.487-0300][gc,init] Heap Initial Capacity: 512M
[2025-02-25T10:51:17.487-0300][gc,init] Heap Max Capacity: 512M
[2025-02-25T10:51:17.487-0300][gc,init] Pre-touch: Disabled
[2025-02-25T10:51:17.487-0300][gc,init] Parallel Workers: 10
[2025-02-25T10:51:17.487-0300][gc,init] Concurrent Workers: 3
[2025-02-25T10:51:17.487-0300][gc,init] Concurrent Refinement Workers: 10
[2025-02-25T10:51:17.487-0300][gc,init] Periodic GC: Disabled
[2025-02-25T10:51:17.494-0300][gc,metaspace] CDS archive(s) mapped at: [0x000002354a000000-0x000002354ac60000-0x000002354ac60000), size 12976128, SharedBaseAddress: 0x000002354a000000, ArchiveRelocationMode: 1.
[2025-02-25T10:51:17.494-0300][gc,metaspace] Compressed class space mapped at: 0x000002354b000000-0x000002358b000000, reserved size: 1073741824
[2025-02-25T10:51:17.494-0300][gc,metaspace] Narrow klass base: 0x000002354a000000, Narrow klass shift: 0, Narrow klass range: 0x41000000
[2025-02-25T10:51:27.987-0300][gc,start    ] GC(0) Pause Young (Normal) (G1 Evacuation Pause)
[2025-02-25T10:51:27.988-0300][gc,task     ] GC(0) Using 10 workers of 10 for evacuation
[2025-02-25T10:51:27.993-0300][gc,phases   ] GC(0)   Pre Evacuate Collection Set: 0.24ms
[2025-02-25T10:51:27.993-0300][gc,phases   ] GC(0)   Merge Heap Roots: 0.16ms
[2025-02-25T10:51:27.993-0300][gc,phases   ] GC(0)   Evacuate Collection Set: 4.25ms
[2025-02-25T10:51:27.993-0300][gc,phases   ] GC(0)   Post Evacuate Collection Set: 0.67ms
[2025-02-25T10:51:27.993-0300][gc,phases   ] GC(0)   Other: 0.87ms
[2025-02-25T10:51:27.993-0300][gc,heap     ] GC(0) Eden regions: 25->0(21)
[2025-02-25T10:51:27.993-0300][gc,heap     ] GC(0) Survivor regions: 0->4(4)
[2025-02-25T10:51:27.993-0300][gc,heap     ] GC(0) Old regions: 0->5
[2025-02-25T10:51:27.993-0300][gc,heap     ] GC(0) Humongous regions: 0->0
[2025-02-25T10:51:27.993-0300][gc,metaspace] GC(0) Metaspace: 7707K(7936K)->7707K(7936K) NonClass: 6858K(6976K)->6858K(6976K) Class: 848K(960K)->848K(960K)
[2025-02-25T10:51:27.993-0300][gc          ] GC(0) Pause Young (Normal) (G1 Evacuation Pause) 25M->8M(512M) 6.538ms
[2025-02-25T10:51:27.993-0300][gc,cpu      ] GC(0) User=0.08s Sys=0.09s Real=0.01s
[2025-02-25T10:52:47.957-0300][gc,heap,exit] Heap
[2025-02-25T10:52:47.957-0300][gc,heap,exit]  garbage-first heap   total reserved 524288K, committed 524288K, used 15019K [0x00000000e0000000, 0x0000000100000000)
[2025-02-25T10:52:47.957-0300][gc,heap,exit]   region size 1024K, 10 young (10240K), 4 survivors (4096K)
[2025-02-25T10:52:47.957-0300][gc,heap,exit]  Metaspace       used 8461K, committed 8704K, reserved 1114112K
[2025-02-25T10:52:47.957-0300][gc,heap,exit]   class space    used 939K, committed 1024K, reserved 1048576K
